Collecting numpy>=2.0 (from -r requirements-tfm-autots.txt (line 3))
  Downloading numpy-2.4.6-cp311-cp311-manylinux_2_27_x86_64.manylinux_2_28_x86_64.whl.metadata (6.6 kB)
Collecting pandas>=3.0 (from -r requirements-tfm-autots.txt (line 4))
  Downloading pandas-3.0.5-cp311-cp311-manylinux_2_24_x86_64.manylinux_2_28_x86_64.whl.metadata (79 kB)
Collecting scipy>=1.14 (from -r requirements-tfm-autots.txt (line 5))
  Downloading scipy-1.17.1-cp311-cp311-manylinux_2_27_x86_64.manylinux_2_28_x86_64.whl.metadata (62 kB)
Collecting scikit-learn>=1.6 (from -r requirements-tfm-autots.txt (line 6))
  Downloading scikit_learn-1.9.1-cp311-cp311-manylinux_2_27_x86_64.manylinux_2_28_x86_64.whl.metadata (9.3 kB)
Collecting matplotlib>=3.9 (from -r requirements-tfm-autots.txt (line 7))
  Downloading matplotlib-3.11.1-cp311-cp311-manylinux2014_x86_64.manylinux_2_17_x86_64.whl.metadata (80 kB)
Collecting joblib>=1.4 (from -r requirements-tfm-autots.txt (line 8))
  Downloading joblib-1.6.0-py3-none-any.whl.metadata (6.5 kB)
Collecting xgboost>=3.0 (from -r requirements-tfm-autots.txt (line 9))
  Downloading xgboost-3.2.0-py3-none-manylinux_2_28_x86_64.whl.metadata (2.1 kB)
Collecting cupy-cuda12x>=13 (from -r requirements-tfm-autots.txt (line 10))
  Downloading cupy_cuda12x-14.2.0-cp311-cp311-manylinux2014_x86_64.whl.metadata (2.8 kB)
Collecting autots==1.0.4 (from -r requirements-tfm-autots.txt (line 11))
  Downloading autots-1.0.4-py3-none-any.whl.metadata (13 kB)
Collecting timesfm==2.0.2 (from timesfm[torch]==2.0.2->-r requirements-tfm-autots.txt (line 12))
  Downloading timesfm-2.0.2-py3-none-any.whl.metadata (5.9 kB)
Collecting statsmodels>=0.14 (from -r requirements-tfm-autots.txt (line 13))
  Downloading statsmodels-0.15.0-cp311-cp311-manylinux_2_27_x86_64.manylinux_2_28_x86_64.whl.metadata (9.6 kB)
Collecting huggingface_hub>=0.23.0 (from huggingface_hub[cli]>=0.23.0->timesfm==2.0.2->timesfm[torch]==2.0.2->-r requirements-tfm-autots.txt (line 12))
  Downloading huggingface_hub-1.31.0-py3-none-any.whl.metadata (16 kB)
Collecting safetensors>=0.5.3 (from timesfm==2.0.2->timesfm[torch]==2.0.2->-r requirements-tfm-autots.txt (line 12))
  Downloading safetensors-0.8.0-cp310-abi3-manylinux_2_17_x86_64.manylinux2014_x86_64.whl.metadata (4.2 kB)
Requirement already satisfied: torch>=2.0.0 in ./.venv/lib/python3.11/site-packages (from timesfm[torch]==2.0.2->-r requirements-tfm-autots.txt (line 12)) (2.11.0+cu128)
Collecting python-dateutil>=2.8.2 (from pandas>=3.0->-r requirements-tfm-autots.txt (line 4))
  Downloading python_dateutil-2.9.0.post0-py2.py3-none-any.whl.metadata (8.4 kB)
Collecting narwhals>=2.0.1 (from scikit-learn>=1.6->-r requirements-tfm-autots.txt (line 6))
  Downloading narwhals-2.26.0-py3-none-any.whl.metadata (15 kB)
Collecting threadpoolctl>=3.5.0 (from scikit-learn>=1.6->-r requirements-tfm-autots.txt (line 6))
  Downloading threadpoolctl-3.6.0-py3-none-any.whl.metadata (13 kB)
Collecting contourpy>=1.0.1 (from matplotlib>=3.9->-r requirements-tfm-autots.txt (line 7))
  Downloading contourpy-1.3.3-cp311-cp311-manylinux_2_27_x86_64.manylinux_2_28_x86_64.whl.metadata (5.5 kB)
Collecting cycler>=0.10 (from matplotlib>=3.9->-r requirements-tfm-autots.txt (line 7))
  Downloading cycler-0.12.1-py3-none-any.whl.metadata (3.8 kB)
Collecting fonttools>=4.28.2 (from matplotlib>=3.9->-r requirements-tfm-autots.txt (line 7))
  Downloading fonttools-4.65.0-cp311-cp311-manylinux2014_x86_64.manylinux_2_17_x86_64.whl.metadata (125 kB)
Collecting kiwisolver>=1.3.1 (from matplotlib>=3.9->-r requirements-tfm-autots.txt (line 7))
  Downloading kiwisolver-1.5.1-cp311-cp311-manylinux2014_x86_64.manylinux_2_17_x86_64.whl.metadata (5.2 kB)
Collecting packaging>=20.0 (from matplotlib>=3.9->-r requirements-tfm-autots.txt (line 7))
  Using cached packaging-26.3-py3-none-any.whl.metadata (3.5 kB)
Collecting pillow>=9 (from matplotlib>=3.9->-r requirements-tfm-autots.txt (line 7))
  Downloading pillow-12.3.0-cp311-cp311-manylinux_2_27_x86_64.manylinux_2_28_x86_64.whl.metadata (9.1 kB)
Collecting pyparsing>=3 (from matplotlib>=3.9->-r requirements-tfm-autots.txt (line 7))
  Downloading pyparsing-3.3.2-py3-none-any.whl.metadata (5.8 kB)
Collecting cloudpickle>=3.0 (from joblib>=1.4->-r requirements-tfm-autots.txt (line 8))
  Downloading cloudpickle-3.1.2-py3-none-any.whl.metadata (7.1 kB)
Requirement already satisfied: nvidia-nccl-cu12 in ./.venv/lib/python3.11/site-packages (from xgboost>=3.0->-r requirements-tfm-autots.txt (line 9)) (2.28.9)
Requirement already satisfied: cuda-pathfinder==1.*,>=1.3.4 in ./.venv/lib/python3.11/site-packages (from cupy-cuda12x>=13->-r requirements-tfm-autots.txt (line 10)) (1.6.0)
Collecting patsy>=0.5.6 (from statsmodels>=0.14->-r requirements-tfm-autots.txt (line 13))
  Downloading patsy-1.0.3-py2.py3-none-any.whl.metadata (3.7 kB)
Collecting formulaic>=1.1.0 (from statsmodels>=0.14->-r requirements-tfm-autots.txt (line 13))
  Downloading formulaic-1.2.2-py3-none-any.whl.metadata (7.0 kB)
Collecting interface-meta>=1.2.0 (from formulaic>=1.1.0->statsmodels>=0.14->-r requirements-tfm-autots.txt (line 13))
  Downloading interface_meta-2.0.1-py3-none-any.whl.metadata (6.4 kB)
Requirement already satisfied: typing-extensions>=4.2.0 in ./.venv/lib/python3.11/site-packages (from formulaic>=1.1.0->statsmodels>=0.14->-r requirements-tfm-autots.txt (line 13)) (4.16.0)
Collecting wrapt>=1.0 (from formulaic>=1.1.0->statsmodels>=0.14->-r requirements-tfm-autots.txt (line 13))
  Downloading wrapt-2.4.1-cp311-cp311-manylinux1_x86_64.manylinux_2_28_x86_64.manylinux_2_5_x86_64.whl.metadata (7.4 kB)
Collecting click<9.0.0,>=8.4.2 (from huggingface_hub>=0.23.0->huggingface_hub[cli]>=0.23.0->timesfm==2.0.2->timesfm[torch]==2.0.2->-r requirements-tfm-autots.txt (line 12))
  Downloading click-8.5.0-py3-none-any.whl.metadata (2.6 kB)
Requirement already satisfied: filelock>=3.10.0 in ./.venv/lib/python3.11/site-packages (from huggingface_hub>=0.23.0->huggingface_hub[cli]>=0.23.0->timesfm==2.0.2->timesfm[torch]==2.0.2->-r requirements-tfm-autots.txt (line 12)) (3.32.3)
Requirement already satisfied: fsspec>=2023.5.0 in ./.venv/lib/python3.11/site-packages (from huggingface_hub>=0.23.0->huggingface_hub[cli]>=0.23.0->timesfm==2.0.2->timesfm[torch]==2.0.2->-r requirements-tfm-autots.txt (line 12)) (2026.7.0)
Collecting hf-xet<2.0.0,>=1.5.2 (from huggingface_hub>=0.23.0->huggingface_hub[cli]>=0.23.0->timesfm==2.0.2->timesfm[torch]==2.0.2->-r requirements-tfm-autots.txt (line 12))
  Downloading hf_xet-1.6.0-cp38-abi3-manylinux2014_x86_64.manylinux_2_17_x86_64.whl.metadata (4.9 kB)
Collecting httpx<1,>=0.23.0 (from huggingface_hub>=0.23.0->huggingface_hub[cli]>=0.23.0->timesfm==2.0.2->timesfm[torch]==2.0.2->-r requirements-tfm-autots.txt (line 12))
  Downloading httpx-0.28.1-py3-none-any.whl.metadata (7.1 kB)
Collecting pyyaml>=5.1 (from huggingface_hub>=0.23.0->huggingface_hub[cli]>=0.23.0->timesfm==2.0.2->timesfm[torch]==2.0.2->-r requirements-tfm-autots.txt (line 12))
  Downloading pyyaml-6.0.3-cp311-cp311-manylinux2014_x86_64.manylinux_2_17_x86_64.manylinux_2_28_x86_64.whl.metadata (2.4 kB)
Collecting tqdm>=4.42.1 (from huggingface_hub>=0.23.0->huggingface_hub[cli]>=0.23.0->timesfm==2.0.2->timesfm[torch]==2.0.2->-r requirements-tfm-autots.txt (line 12))
  Downloading tqdm-4.70.1-py3-none-any.whl.metadata (57 kB)
Collecting anyio (from httpx<1,>=0.23.0->huggingface_hub>=0.23.0->huggingface_hub[cli]>=0.23.0->timesfm==2.0.2->timesfm[torch]==2.0.2->-r requirements-tfm-autots.txt (line 12))
  Downloading anyio-4.15.1-py3-none-any.whl.metadata (4.7 kB)
Collecting certifi (from httpx<1,>=0.23.0->huggingface_hub>=0.23.0->huggingface_hub[cli]>=0.23.0->timesfm==2.0.2->timesfm[torch]==2.0.2->-r requirements-tfm-autots.txt (line 12))
  Downloading certifi-2026.7.22-py3-none-any.whl.metadata (2.5 kB)
Collecting httpcore==1.* (from httpx<1,>=0.23.0->huggingface_hub>=0.23.0->huggingface_hub[cli]>=0.23.0->timesfm==2.0.2->timesfm[torch]==2.0.2->-r requirements-tfm-autots.txt (line 12))
  Downloading httpcore-1.0.9-py3-none-any.whl.metadata (21 kB)
Collecting idna (from httpx<1,>=0.23.0->huggingface_hub>=0.23.0->huggingface_hub[cli]>=0.23.0->timesfm==2.0.2->timesfm[torch]==2.0.2->-r requirements-tfm-autots.txt (line 12))
  Downloading idna-3.19-py3-none-any.whl.metadata (9.2 kB)
Collecting h11>=0.16 (from httpcore==1.*->httpx<1,>=0.23.0->huggingface_hub>=0.23.0->huggingface_hub[cli]>=0.23.0->timesfm==2.0.2->timesfm[torch]==2.0.2->-r requirements-tfm-autots.txt (line 12))
  Downloading h11-0.16.0-py3-none-any.whl.metadata (8.3 kB)
WARNING: huggingface-hub 1.31.0 does not provide the extra 'cli'
Collecting six>=1.5 (from python-dateutil>=2.8.2->pandas>=3.0->-r requirements-tfm-autots.txt (line 4))
  Downloading six-1.17.0-py2.py3-none-any.whl.metadata (1.7 kB)
Requirement already satisfied: setuptools<82 in ./.venv/lib/python3.11/site-packages (from torch>=2.0.0->timesfm[torch]==2.0.2->-r requirements-tfm-autots.txt (line 12)) (79.0.1)
Requirement already satisfied: sympy>=1.13.3 in ./.venv/lib/python3.11/site-packages (from torch>=2.0.0->timesfm[torch]==2.0.2->-r requirements-tfm-autots.txt (line 12)) (1.14.0)
Requirement already satisfied: networkx>=2.5.1 in ./.venv/lib/python3.11/site-packages (from torch>=2.0.0->timesfm[torch]==2.0.2->-r requirements-tfm-autots.txt (line 12)) (3.6.1)
Requirement already satisfied: jinja2 in ./.venv/lib/python3.11/site-packages (from torch>=2.0.0->timesfm[torch]==2.0.2->-r requirements-tfm-autots.txt (line 12)) (3.1.6)
Requirement already satisfied: cuda-toolkit==12.8.1 in ./.venv/lib/python3.11/site-packages (from cuda-toolkit[cublas,cudart,cufft,cufile,cupti,curand,cusolver,cusparse,nvjitlink,nvrtc,nvtx]==12.8.1; platform_system == "Linux"->torch>=2.0.0->timesfm[torch]==2.0.2->-r requirements-tfm-autots.txt (line 12)) (12.8.1)
Requirement already satisfied: cuda-bindings<13,>=12.9.4 in ./.venv/lib/python3.11/site-packages (from torch>=2.0.0->timesfm[torch]==2.0.2->-r requirements-tfm-autots.txt (line 12)) (12.9.7)
Requirement already satisfied: nvidia-cudnn-cu12==9.19.0.56 in ./.venv/lib/python3.11/site-packages (from torch>=2.0.0->timesfm[torch]==2.0.2->-r requirements-tfm-autots.txt (line 12)) (9.19.0.56)
Requirement already satisfied: nvidia-cusparselt-cu12==0.7.1 in ./.venv/lib/python3.11/site-packages (from torch>=2.0.0->timesfm[torch]==2.0.2->-r requirements-tfm-autots.txt (line 12)) (0.7.1)
Requirement already satisfied: nvidia-nvshmem-cu12==3.4.5 in ./.venv/lib/python3.11/site-packages (from torch>=2.0.0->timesfm[torch]==2.0.2->-r requirements-tfm-autots.txt (line 12)) (3.4.5)
Requirement already satisfied: triton==3.6.0 in ./.venv/lib/python3.11/site-packages (from torch>=2.0.0->timesfm[torch]==2.0.2->-r requirements-tfm-autots.txt (line 12)) (3.6.0)
Requirement already satisfied: nvidia-cublas-cu12==12.8.4.1.* in ./.venv/lib/python3.11/site-packages (from cuda-toolkit[cublas,cudart,cufft,cufile,cupti,curand,cusolver,cusparse,nvjitlink,nvrtc,nvtx]==12.8.1; platform_system == "Linux"->torch>=2.0.0->timesfm[torch]==2.0.2->-r requirements-tfm-autots.txt (line 12)) (12.8.4.1)
Requirement already satisfied: nvidia-cuda-runtime-cu12==12.8.90.* in ./.venv/lib/python3.11/site-packages (from cuda-toolkit[cublas,cudart,cufft,cufile,cupti,curand,cusolver,cusparse,nvjitlink,nvrtc,nvtx]==12.8.1; platform_system == "Linux"->torch>=2.0.0->timesfm[torch]==2.0.2->-r requirements-tfm-autots.txt (line 12)) (12.8.90)
Requirement already satisfied: nvidia-cufft-cu12==11.3.3.83.* in ./.venv/lib/python3.11/site-packages (from cuda-toolkit[cublas,cudart,cufft,cufile,cupti,curand,cusolver,cusparse,nvjitlink,nvrtc,nvtx]==12.8.1; platform_system == "Linux"->torch>=2.0.0->timesfm[torch]==2.0.2->-r requirements-tfm-autots.txt (line 12)) (11.3.3.83)
Requirement already satisfied: nvidia-cufile-cu12==1.13.1.3.* in ./.venv/lib/python3.11/site-packages (from cuda-toolkit[cublas,cudart,cufft,cufile,cupti,curand,cusolver,cusparse,nvjitlink,nvrtc,nvtx]==12.8.1; platform_system == "Linux"->torch>=2.0.0->timesfm[torch]==2.0.2->-r requirements-tfm-autots.txt (line 12)) (1.13.1.3)
Requirement already satisfied: nvidia-cuda-cupti-cu12==12.8.90.* in ./.venv/lib/python3.11/site-packages (from cuda-toolkit[cublas,cudart,cufft,cufile,cupti,curand,cusolver,cusparse,nvjitlink,nvrtc,nvtx]==12.8.1; platform_system == "Linux"->torch>=2.0.0->timesfm[torch]==2.0.2->-r requirements-tfm-autots.txt (line 12)) (12.8.90)
Requirement already satisfied: nvidia-curand-cu12==10.3.9.90.* in ./.venv/lib/python3.11/site-packages (from cuda-toolkit[cublas,cudart,cufft,cufile,cupti,curand,cusolver,cusparse,nvjitlink,nvrtc,nvtx]==12.8.1; platform_system == "Linux"->torch>=2.0.0->timesfm[torch]==2.0.2->-r requirements-tfm-autots.txt (line 12)) (10.3.9.90)
Requirement already satisfied: nvidia-cusolver-cu12==11.7.3.90.* in ./.venv/lib/python3.11/site-packages (from cuda-toolkit[cublas,cudart,cufft,cufile,cupti,curand,cusolver,cusparse,nvjitlink,nvrtc,nvtx]==12.8.1; platform_system == "Linux"->torch>=2.0.0->timesfm[torch]==2.0.2->-r requirements-tfm-autots.txt (line 12)) (11.7.3.90)
Requirement already satisfied: nvidia-cusparse-cu12==12.5.8.93.* in ./.venv/lib/python3.11/site-packages (from cuda-toolkit[cublas,cudart,cufft,cufile,cupti,curand,cusolver,cusparse,nvjitlink,nvrtc,nvtx]==12.8.1; platform_system == "Linux"->torch>=2.0.0->timesfm[torch]==2.0.2->-r requirements-tfm-autots.txt (line 12)) (12.5.8.93)
Requirement already satisfied: nvidia-nvjitlink-cu12==12.8.93.* in ./.venv/lib/python3.11/site-packages (from cuda-toolkit[cublas,cudart,cufft,cufile,cupti,curand,cusolver,cusparse,nvjitlink,nvrtc,nvtx]==12.8.1; platform_system == "Linux"->torch>=2.0.0->timesfm[torch]==2.0.2->-r requirements-tfm-autots.txt (line 12)) (12.8.93)
Requirement already satisfied: nvidia-cuda-nvrtc-cu12==12.8.93.* in ./.venv/lib/python3.11/site-packages (from cuda-toolkit[cublas,cudart,cufft,cufile,cupti,curand,cusolver,cusparse,nvjitlink,nvrtc,nvtx]==12.8.1; platform_system == "Linux"->torch>=2.0.0->timesfm[torch]==2.0.2->-r requirements-tfm-autots.txt (line 12)) (12.8.93)
Requirement already satisfied: nvidia-nvtx-cu12==12.8.90.* in ./.venv/lib/python3.11/site-packages (from cuda-toolkit[cublas,cudart,cufft,cufile,cupti,curand,cusolver,cusparse,nvjitlink,nvrtc,nvtx]==12.8.1; platform_system == "Linux"->torch>=2.0.0->timesfm[torch]==2.0.2->-r requirements-tfm-autots.txt (line 12)) (12.8.90)
Requirement already satisfied: mpmath<1.4,>=1.1.0 in ./.venv/lib/python3.11/site-packages (from sympy>=1.13.3->torch>=2.0.0->timesfm[torch]==2.0.2->-r requirements-tfm-autots.txt (line 12)) (1.3.0)
Requirement already satisfied: MarkupSafe>=2.0 in ./.venv/lib/python3.11/site-packages (from jinja2->torch>=2.0.0->timesfm[torch]==2.0.2->-r requirements-tfm-autots.txt (line 12)) (3.0.3)
Downloading autots-1.0.4-py3-none-any.whl (1.5 MB)
   ━━━━━━━━━━━━━━━━━━━━━━━━━━━━━━━━━━━━━━━━ 1.5/1.5 MB 416.2 kB/s  0:00:04
Downloading timesfm-2.0.2-py3-none-any.whl (44 kB)
Downloading numpy-2.4.6-cp311-cp311-manylinux_2_27_x86_64.manylinux_2_28_x86_64.whl (16.9 MB)
   ━━━━━━━━━━━━━━━━━━━━━━━━━━━━━━━━━━━━━━━━ 16.9/16.9 MB 995.6 kB/s  0:00:17
Downloading pandas-3.0.5-cp311-cp311-manylinux_2_24_x86_64.manylinux_2_28_x86_64.whl (11.3 MB)
   ━━━━━━━━━━━━━━━━━━━━━━━━━━━━━━━━━━━━━━━━ 11.3/11.3 MB 760.1 kB/s  0:00:14
Downloading scipy-1.17.1-cp311-cp311-manylinux_2_27_x86_64.manylinux_2_28_x86_64.whl (35.3 MB)
   ━━━━━━━━━━━━━━━━━━━━━━━━━━━━━━━━━━━━━━━━ 35.3/35.3 MB 1.1 MB/s  0:00:31
Downloading scikit_learn-1.9.1-cp311-cp311-manylinux_2_27_x86_64.manylinux_2_28_x86_64.whl (9.3 MB)
   ━━━━━━━━━━━━━━━━━━━━━━━━━━━━━━━━━━━━━━━━ 9.3/9.3 MB 489.1 kB/s  0:00:18
Downloading matplotlib-3.11.1-cp311-cp311-manylinux2014_x86_64.manylinux_2_17_x86_64.whl (10.0 MB)
   ━━━━━━━━━━━━━━━━━━━━━━━━━━━━━━━━━━━━━━━━ 10.0/10.0 MB 920.1 kB/s  0:00:11
Downloading joblib-1.6.0-py3-none-any.whl (306 kB)
Downloading xgboost-3.2.0-py3-none-manylinux_2_28_x86_64.whl (131.7 MB)
   ━━━━━━━━━━━━━━━━━━━━━━━━━━━━━━━━━━━━━━━━ 131.7/131.7 MB 725.1 kB/s  0:03:06
Downloading cupy_cuda12x-14.2.0-cp311-cp311-manylinux2014_x86_64.whl (136.6 MB)
   ━━━━━━━━━━━━━━━━━━━━━━━━━━━━━━━━━━━━━━━━ 136.6/136.6 MB 1.1 MB/s  0:03:19
Downloading statsmodels-0.15.0-cp311-cp311-manylinux_2_27_x86_64.manylinux_2_28_x86_64.whl (12.1 MB)
   ━━━━━━━━━━━━━━━━━━━━━━━━━━━━━━━━━━━━━━━━ 12.1/12.1 MB 1.6 MB/s  0:00:07
Downloading cloudpickle-3.1.2-py3-none-any.whl (22 kB)
Downloading contourpy-1.3.3-cp311-cp311-manylinux_2_27_x86_64.manylinux_2_28_x86_64.whl (355 kB)
Downloading cycler-0.12.1-py3-none-any.whl (8.3 kB)
Downloading fonttools-4.65.0-cp311-cp311-manylinux2014_x86_64.manylinux_2_17_x86_64.whl (5.5 MB)
   ━━━━━━━━━━━━━━━━━━━━━━━━━━━━━━━━━━━━━━━━ 5.5/5.5 MB 2.3 MB/s  0:00:02
Downloading formulaic-1.2.2-py3-none-any.whl (118 kB)
Downloading huggingface_hub-1.31.0-py3-none-any.whl (798 kB)
   ━━━━━━━━━━━━━━━━━━━━━━━━━━━━━━━━━━━━━━━━ 798.3/798.3 kB 1.4 MB/s  0:00:00
Downloading click-8.5.0-py3-none-any.whl (125 kB)
Downloading hf_xet-1.6.0-cp38-abi3-manylinux2014_x86_64.manylinux_2_17_x86_64.whl (4.5 MB)
   ━━━━━━━━━━━━━━━━━━━━━━━━━━━━━━━━━━━━━━━━ 4.5/4.5 MB 2.4 MB/s  0:00:01
Downloading httpx-0.28.1-py3-none-any.whl (73 kB)
Downloading httpcore-1.0.9-py3-none-any.whl (78 kB)
Downloading h11-0.16.0-py3-none-any.whl (37 kB)
Downloading interface_meta-2.0.1-py3-none-any.whl (15 kB)
Downloading kiwisolver-1.5.1-cp311-cp311-manylinux2014_x86_64.manylinux_2_17_x86_64.whl (1.4 MB)
   ━━━━━━━━━━━━━━━━━━━━━━━━━━━━━━━━━━━━━━━━ 1.4/1.4 MB 1.4 MB/s  0:00:00
Downloading narwhals-2.26.0-py3-none-any.whl (474 kB)
Using cached packaging-26.3-py3-none-any.whl (129 kB)
Downloading patsy-1.0.3-py2.py3-none-any.whl (233 kB)
Downloading pillow-12.3.0-cp311-cp311-manylinux_2_27_x86_64.manylinux_2_28_x86_64.whl (6.9 MB)
   ━━━━━━━━━━━━━━━━━━━━━━━━━━━━━━━━━━━━━━━━ 6.9/6.9 MB 993.8 kB/s  0:00:07
Downloading pyparsing-3.3.2-py3-none-any.whl (122 kB)
Downloading python_dateutil-2.9.0.post0-py2.py3-none-any.whl (229 kB)
Downloading pyyaml-6.0.3-cp311-cp311-manylinux2014_x86_64.manylinux_2_17_x86_64.manylinux_2_28_x86_64.whl (806 kB)
   ━━━━━━━━━━━━━━━━━━━━━━━━━━━━━━━━━━━━━━━━ 806.6/806.6 kB 1.7 MB/s  0:00:00
Downloading safetensors-0.8.0-cp310-abi3-manylinux_2_17_x86_64.manylinux2014_x86_64.whl (516 kB)
Downloading six-1.17.0-py2.py3-none-any.whl (11 kB)
Downloading threadpoolctl-3.6.0-py3-none-any.whl (18 kB)
Downloading tqdm-4.70.1-py3-none-any.whl (80 kB)
Downloading wrapt-2.4.1-cp311-cp311-manylinux1_x86_64.manylinux_2_28_x86_64.manylinux_2_5_x86_64.whl (226 kB)
Downloading anyio-4.15.1-py3-none-any.whl (132 kB)
Downloading idna-3.19-py3-none-any.whl (68 kB)
Downloading certifi-2026.7.22-py3-none-any.whl (136 kB)
Installing collected packages: wrapt, tqdm, threadpoolctl, six, safetensors, pyyaml, pyparsing, pillow, packaging, numpy, narwhals, kiwisolver, interface-meta, idna, hf-xet, h11, fonttools, cycler, cloudpickle, click, certifi, scipy, python-dateutil, patsy, joblib, httpcore, cupy-cuda12x, contourpy, anyio, xgboost, scikit-learn, pandas, matplotlib, httpx, huggingface_hub, formulaic, statsmodels, timesfm, autots

Successfully installed anyio-4.15.1 autots-1.0.4 certifi-2026.7.22 click-8.5.0 cloudpickle-3.1.2 contourpy-1.3.3 cupy-cuda12x-14.2.0 cycler-0.12.1 fonttools-4.65.0 formulaic-1.2.2 h11-0.16.0 hf-xet-1.6.0 httpcore-1.0.9 httpx-0.28.1 huggingface_hub-1.31.0 idna-3.19 interface-meta-2.0.1 joblib-1.6.0 kiwisolver-1.5.1 matplotlib-3.11.1 narwhals-2.26.0 numpy-2.4.6 packaging-26.3 pandas-3.0.5 patsy-1.0.3 pillow-12.3.0 pyparsing-3.3.2 python-dateutil-2.9.0.post0 pyyaml-6.0.3 safetensors-0.8.0 scikit-learn-1.9.1 scipy-1.17.1 six-1.17.0 statsmodels-0.15.0 threadpoolctl-3.6.0 timesfm-2.0.2 tqdm-4.70.1 wrapt-2.4.1 xgboost-3.2.0
