           e   E_1  lastUpdateId     U   u_1  nb  na
0   snapshot  <NA>   94038080305  <NA>  <NA>  20  20
1   snapshot  <NA>   94038663349  <NA>  <NA>  20  20
2   snapshot  <NA>   94041106612  <NA>  <NA>  20  20
3   snapshot  <NA>   94041841201  <NA>  <NA>  20  20
4   snapshot  <NA>   94045343209  <NA>  <NA>  20  20
5   snapshot  <NA>   94048672674  <NA>  <NA>  20  20
6   snapshot  <NA>   94048710562  <NA>  <NA>  20  20
7   snapshot  <NA>   94055152073  <NA>  <NA>  20  20
8   snapshot  <NA>   94063919655  <NA>  <NA>  20  20
9   snapshot  <NA>   94067088916  <NA>  <NA>  20  20
10  snapshot  <NA>   94070727184  <NA>  <NA>  20  20
11  snapshot  <NA>   94071593533  <NA>  <NA>  20  20
12  snapshot  <NA>   94071675821  <NA>  <NA>  20  20
13  snapshot  <NA>   94071737946  <NA>  <NA>  20  20
14  snapshot  <NA>   94071983988  <NA>  <NA>  20  20
15  snapshot  <NA>   94072081271  <NA>  <NA>  20  20
16  snapshot  <NA>   94072517208  <NA>  <NA>  20  20
17  snapshot  <NA>   94072778051  <NA>  <NA>  20  20
18  snapshot  <NA>   94073736555  <NA>  <NA>  20  20
19  snapshot  <NA>   94073932598  <NA>  <NA>  20  20
20  snapshot  <NA>   94074051285  <NA>  <NA>  20  20
21  snapshot  <NA>   94074145281  <NA>  <NA>  20  20
22  snapshot  <NA>   94074493064  <NA>  <NA>  20  20
23  snapshot  <NA>   94074890961  <NA>  <NA>  20  20
24  snapshot  <NA>   94075231665  <NA>  <NA>  20  20
          file       n                   first                    last  max_dE_s  med_dE_ms  gaps10s  ts_rev  id_gaps  dup_obsolete  snapshots  other      first_U       last_u
0   2026-04-10  394109 2026-04-10 06:11:11.414 2026-04-11 00:01:48.514   207.400      100.0      199       0      200             0        201      0  91748689176  91791243302
1   2026-04-11     308 2026-04-11 08:04:17.415 2026-04-11 08:04:56.815     8.800      100.0        0       0        1             0          2      0  91799745666  91799753816
2   2026-04-12  222748 2026-04-11 23:19:51.614 2026-04-12 09:25:19.916   189.700      100.0      247       0      247             0        252      0  91822055114  91840551522
3   2026-04-20   20999 2026-04-20 05:54:52.314 2026-04-20 06:29:52.114     0.148      100.0        0       0        0             0          1      0  92326397548  92327638774
4   2026-04-21  286000 2026-04-21 00:00:06.614 2026-04-21 07:56:46.514     0.182      100.0        0       0        0             0          0      0  92388808438  92406643298
5   2026-04-22  763999 2026-04-22 02:48:02.514 2026-04-23 00:01:23.714     0.224      100.0        0       0        0             0          1      0  92475185918  92537272132
6   2026-04-23  610999 2026-04-23 00:01:23.814 2026-04-23 17:01:11.014    87.201      100.0        1       0        1             0          1      0  92537272133  92586447097
7   2026-05-07   46999 2026-05-07 00:40:34.714 2026-05-07 01:58:54.514     0.182      100.0        0       0        0             0          1      0  93288293056  93292264266
8   2026-05-08   54999 2026-05-08 15:39:32.314 2026-05-08 17:11:12.414     0.202      100.0        0       0        0             0          1      0  93381897164  93386204812
9   2026-05-09    1999 2026-05-09 15:28:36.114 2026-05-09 15:31:55.914     0.103      100.0        0       0        0             0          1      0  93417430690  93417520819
10  2026-05-14  268999 2026-05-14 16:32:27.514 2026-05-15 00:00:47.514     0.224      100.0        0       0        0             0          1      0  93685405319  93704681635
11  2026-05-15  674432 2026-05-15 05:15:56.614 2026-05-15 23:59:59.914     0.238      100.0        0       0        0             0          1      0  93720579553  93769229057
12  2026-05-17  828032 2026-05-17 00:45:35.714 2026-05-17 23:59:59.914    91.800      100.0       42       0       52             0         53      0  93808507331  93847648248
13  2026-05-18  853204 2026-05-18 00:00:00.014 2026-05-18 23:59:59.914    43.700      100.0       45       0       53             0         53      0  93847648249  93923176696
14  2026-05-19  858419 2026-05-19 00:00:00.014 2026-05-19 23:59:59.914    31.201      100.0       28       0       29             0         30      0  93923176697  93976337541
15  2026-05-20  858837 2026-05-20 00:00:14.714 2026-05-20 23:59:59.914    27.800      100.0       22       0       29             0         29      0  93976351058  94025800481
16  2026-05-21  859076 2026-05-21 00:00:00.014 2026-05-21 23:59:59.914    24.899      100.0       20       0       25             0         25      0  94025800482  94075727642
          file       last_u  next_first_U  bridge_gap_ids  bridge_gap_s
0   2026-04-10  91791243302  9.179975e+10       8502363.0     28948.901
1   2026-04-11  91799753816  9.182206e+10      22301297.0     54894.799
2   2026-04-12  91840551522  9.232640e+10     485846025.0    678572.398
3   2026-04-20  92327638774  9.238881e+10      61169663.0     63014.500
4   2026-04-21  92406643298  9.247519e+10      68542619.0     67876.000
5   2026-04-22  92537272132  9.253727e+10             0.0         0.100
6   2026-04-23  92586447097  9.328829e+10     701845958.0   1150763.700
7   2026-05-07  93292264266  9.338190e+10      89632897.0    135637.800
8   2026-05-08  93386204812  9.341743e+10      31225877.0     80243.700
9   2026-05-09  93417520819  9.368541e+10     267884499.0    435631.600
10  2026-05-14  93704681635  9.372058e+10      15897917.0     18909.100
11  2026-05-15  93769229057  9.380851e+10      39278273.0     89135.800
12  2026-05-17  93847648248  9.384765e+10             0.0         0.100
13  2026-05-18  93923176696  9.392318e+10             0.0         0.100
14  2026-05-19  93976337541  9.397635e+10         13516.0        14.800
15  2026-05-20  94025800481  9.402580e+10             0.0         0.100
16  2026-05-21  94075727642           NaN             NaN           NaN
