runs 650 snapshots 653 total hours 211.23
run hours quantiles {0.0: 0.0, 0.5: 0.03, 0.9: 0.597, 0.99: 4.809, 1.0: 22.639}
                        t0u                     t1u      hours    msgs  anchored
453 2026-04-22 02:48:02.514 2026-04-23 01:26:23.714  22.639222  814999      True
459 2026-05-15 05:15:56.614 2026-05-15 23:59:59.914  18.734250  674432      True
454 2026-04-23 01:27:50.915 2026-04-23 17:01:11.014  15.555583  559999      True
452 2026-04-21 00:00:06.614 2026-04-21 07:56:46.514   7.944417  286000     False
624 2026-05-20 23:54:59.815 2026-05-21 07:26:30.614   7.525222  270907      True
458 2026-05-14 16:32:27.514 2026-05-15 00:00:47.514   7.472222  268999      True
566 2026-05-19 04:34:11.614 2026-05-19 09:23:28.315   4.821306  173568      True
565 2026-05-18 23:46:08.615 2026-05-19 04:33:55.614   4.796389  172671      True
595 2026-05-20 00:00:14.714 2026-05-20 04:46:43.315   4.774611  171887      True
512 2026-05-17 23:53:57.014 2026-05-18 03:55:35.614   4.027389  144987      True
462 2026-05-17 00:51:54.414 2026-05-17 03:59:08.214   3.120500  112339      True
632 2026-05-21 14:35:45.414 2026-05-21 17:26:46.114   2.850194  102608      True
597 2026-05-20 07:00:38.114 2026-05-20 09:39:55.915   2.654945   95526      True
601 2026-05-20 12:04:06.814 2026-05-20 14:28:27.614   2.405778   86609      True
596 2026-05-20 04:46:59.414 2026-05-20 07:00:21.114   2.222694   80018      True
h60: runs >= 8.53 h: 3
h120: runs >= 17.07 h: 2
h180: runs >= 25.60 h: 0
