Ignored error while writing tree cache file /workspace/.hf_home/hub/models--google--timesfm-2.5-200m-pytorch/trees/1d952420fba87f3c6dee4f240de0f1a0fbc790e3.json: [Errno 13] Permission denied: '/workspace/.hf_home/hub'
Fetching 4 files:   0%|          | 0/4 [00:00<?, ?it/s]Warning: You are sending unauthenticated requests to the HF Hub. Please set a HF_TOKEN to enable higher rate limits and faster downloads.
Fetching 4 files:   0%|          | 0/4 [00:00<?, ?it/s]
Traceback (most recent call last):
  File "<string>", line 1, in <module>
  File "/home/ubuntu/venv-ob/lib/python3.12/site-packages/huggingface_hub/utils/_validators.py", line 88, in _inner_fn
    return fn(*args, **kwargs)
           ^^^^^^^^^^^^^^^^^^^
  File "/home/ubuntu/venv-ob/lib/python3.12/site-packages/huggingface_hub/_snapshot_download.py", line 529, in snapshot_download
    hf_thread_map(
  File "/home/ubuntu/venv-ob/lib/python3.12/site-packages/huggingface_hub/utils/tqdm.py", line 441, in hf_thread_map
    results[future_to_index[future]] = future.result()
                                       ^^^^^^^^^^^^^^^
  File "/usr/lib/python3.12/concurrent/futures/_base.py", line 449, in result
    return self.__get_result()
           ^^^^^^^^^^^^^^^^^^^
  File "/usr/lib/python3.12/concurrent/futures/_base.py", line 401, in __get_result
    raise self._exception
  File "/usr/lib/python3.12/concurrent/futures/thread.py", line 58, in run
    result = self.fn(*self.args, **self.kwargs)
             ^^^^^^^^^^^^^^^^^^^^^^^^^^^^^^^^^^
  File "/home/ubuntu/venv-ob/lib/python3.12/site-packages/huggingface_hub/_snapshot_download.py", line 509, in _inner_hf_hub_download
    hf_hub_download(  # type: ignore
  File "/home/ubuntu/venv-ob/lib/python3.12/site-packages/huggingface_hub/utils/_validators.py", line 88, in _inner_fn
    return fn(*args, **kwargs)
           ^^^^^^^^^^^^^^^^^^^
  File "/home/ubuntu/venv-ob/lib/python3.12/site-packages/huggingface_hub/file_download.py", line 1035, in hf_hub_download
    return _hf_hub_download_to_cache_dir(
           ^^^^^^^^^^^^^^^^^^^^^^^^^^^^^^
  File "/home/ubuntu/venv-ob/lib/python3.12/site-packages/huggingface_hub/file_download.py", line 1211, in _hf_hub_download_to_cache_dir
    os.makedirs(os.path.dirname(blob_path), exist_ok=True)
  File "<frozen os>", line 215, in makedirs
  File "<frozen os>", line 215, in makedirs
  File "<frozen os>", line 225, in makedirs
PermissionError: [Errno 13] Permission denied: '/workspace/.hf_home/hub'
EXIT=1
Fetching 4 files:   0%|          | 0/4 [00:00<?, ?it/s]Fetching 4 files:  25%|██▌       | 1/4 [00:00<00:00,  4.52it/s]Warning: You are sending unauthenticated requests to the HF Hub. Please set a HF_TOKEN to enable higher rate limits and faster downloads.
Fetching 4 files: 100%|██████████| 4/4 [00:13<00:00,  3.61s/it]Fetching 4 files: 100%|██████████| 4/4 [00:13<00:00,  3.35s/it]
cached at /home/ubuntu/.cache/huggingface/hub/models--google--timesfm-2.5-200m-pytorch/snapshots/1d952420fba87f3c6dee4f240de0f1a0fbc790e3
EXIT=0
